// Jest Snapshot v1, https://goo.gl/fbAQLP

exports[`<SearchForm /> renders and displays properly 1`] = `
<div
  className="row"
>
  <form
    className="col s12"
  >
    <div
      className="row"
    >
      <div
        className="input-field col s6"
      >
        <input
          className="input-field"
          id="search_prefix"
          name="searchField"
          onChange={[Function]}
          type="text"
          value=""
        />
        <label
          htmlFor="search_prefix"
        />
      </div>
    </div>
  </form>
</div>
`;
