// Jest Snapshot v1, https://goo.gl/fbAQLP

exports[`<SimpleToggler /> displays and renders properly 1`] = `
<div
  className="container"
>
  <div
    className="switch"
  >
    <label>
      Off
      <input
        onChange={[Function]}
        type="checkbox"
        value={false}
      />
      <span
        className="lever"
      />
      On
    </label>
  </div>
</div>
`;
