// Jest Snapshot v1, https://goo.gl/fbAQLP

exports[`<RenderList /> renders and displays properly 1`] = `
<UserList
  data={Array []}
/>
`;
