// Jest Snapshot v1, https://goo.gl/fbAQLP

exports[`<SimpleCounter /> displays and renders properly 1`] = `
<div
  className="container"
>
  <div
    className="row"
  >
    <div
      className="col s1"
    >
      <span
        className="flow-text"
        id="desc_counter"
        onClick={[Function]}
      >
        <i
          className="material-icons red-text"
        >
          remove_circle_outline
        </i>
      </span>
    </div>
    <div
      className="col s2 blue-text"
      id="counter_value"
    >
      0
    </div>
    <div
      className="col s1"
    >
      <span
        className="flow-text"
        id="asc_counter"
        onClick={[Function]}
      >
        <i
          className="material-icons green-text"
        >
          add_circle
        </i>
      </span>
    </div>
  </div>
</div>
`;
