// Jest Snapshot v1, https://goo.gl/fbAQLP

exports[`<App /> renders and displays properly 1`] = `
<div>
  <SearchForm />
  <Clicker />
  <NavigationLayout />
  <UserContainer />
</div>
`;
