// Jest Snapshot v1, https://goo.gl/fbAQLP

exports[`<Clicker /> renders and displays properly 1`] = `
<div>
  <Button
    className="btn btn-large waves-effect waves-light"
    name="Clicker"
    onClick={[Function]}
  />
  <p>
    You clicked : 
    0
     times!
  </p>
</div>
`;
